// Jest Snapshot v1, https://goo.gl/fbAQLP

exports[`Ship description Github MD 1`] = `
"- #6 @DiesIrae
- #7 @DiesIrae"
`;

exports[`Ship description Output MD 1`] = `
"- [#6 Sub PR 1](https://github.com/matchawine/sub-pull-requests-summary-action/pull/6) @DiesIrae
- [#7 Sub PR 2](https://github.com/matchawine/sub-pull-requests-summary-action/pull/7) @DiesIrae"
`;

exports[`Ship description Response 1`] = `
Object {
  "node": Object {
    "commits": Object {
      "nodes": Array [
        Object {
          "commit": Object {
            "abbreviatedOid": "2bcc868",
            "associatedPullRequests": Object {
              "nodes": Array [
                Object {
                  "baseRefName": "main",
                  "id": "PR_kwDOGzILZc4yIyxe",
                  "number": 8,
                  "state": "OPEN",
                  "title": "Test PR",
                },
                Object {
                  "baseRefName": "parent-pr-branch",
                  "id": "PR_kwDOGzILZc4yIymT",
                  "number": 6,
                  "state": "MERGED",
                  "title": "Sub PR 1",
                },
              ],
            },
            "message": "Sub PR 1 commit",
          },
        },
        Object {
          "commit": Object {
            "abbreviatedOid": "87b50d6",
            "associatedPullRequests": Object {
              "nodes": Array [
                Object {
                  "baseRefName": "main",
                  "id": "PR_kwDOGzILZc4yIyxe",
                  "number": 8,
                  "state": "OPEN",
                  "title": "Test PR",
                },
                Object {
                  "baseRefName": "parent-pr-branch",
                  "id": "PR_kwDOGzILZc4yIytK",
                  "number": 7,
                  "state": "MERGED",
                  "title": "Sub PR 2",
                },
              ],
            },
            "message": "Sub PR 2 commit",
          },
        },
        Object {
          "commit": Object {
            "abbreviatedOid": "eee4ff5",
            "associatedPullRequests": Object {
              "nodes": Array [
                Object {
                  "baseRefName": "main",
                  "id": "PR_kwDOGzILZc4yIyxe",
                  "number": 8,
                  "state": "OPEN",
                  "title": "Test PR",
                },
                Object {
                  "baseRefName": "parent-pr-branch",
                  "id": "PR_kwDOGzILZc4yIymT",
                  "number": 6,
                  "state": "MERGED",
                  "title": "Sub PR 1",
                },
              ],
            },
            "message": "Merge pull request #6 from matchawine/sub-pr-1",
          },
        },
        Object {
          "commit": Object {
            "abbreviatedOid": "d33251f",
            "associatedPullRequests": Object {
              "nodes": Array [
                Object {
                  "baseRefName": "main",
                  "id": "PR_kwDOGzILZc4yIyxe",
                  "number": 8,
                  "state": "OPEN",
                  "title": "Test PR",
                },
                Object {
                  "baseRefName": "parent-pr-branch",
                  "id": "PR_kwDOGzILZc4yIytK",
                  "number": 7,
                  "state": "MERGED",
                  "title": "Sub PR 2",
                },
              ],
            },
            "message": "Merge pull request #7 from matchawine/sub-pr-2",
          },
        },
        Object {
          "commit": Object {
            "abbreviatedOid": "21c14e3",
            "associatedPullRequests": Object {
              "nodes": Array [
                Object {
                  "baseRefName": "main",
                  "id": "PR_kwDOGzILZc4yIyxe",
                  "number": 8,
                  "state": "OPEN",
                  "title": "Test PR",
                },
              ],
            },
            "message": "Merge branch 'main' into parent-pr-branch",
          },
        },
        Object {
          "commit": Object {
            "abbreviatedOid": "ba8d764",
            "associatedPullRequests": Object {
              "nodes": Array [
                Object {
                  "baseRefName": "main",
                  "id": "PR_kwDOGzILZc4yIyxe",
                  "number": 8,
                  "state": "OPEN",
                  "title": "Test PR",
                },
              ],
            },
            "message": "Init",
          },
        },
        Object {
          "commit": Object {
            "abbreviatedOid": "302667c",
            "associatedPullRequests": Object {
              "nodes": Array [
                Object {
                  "baseRefName": "main",
                  "id": "PR_kwDOGzILZc4yIyxe",
                  "number": 8,
                  "state": "OPEN",
                  "title": "Test PR",
                },
              ],
            },
            "message": "Init",
          },
        },
        Object {
          "commit": Object {
            "abbreviatedOid": "762623d",
            "associatedPullRequests": Object {
              "nodes": Array [
                Object {
                  "baseRefName": "main",
                  "id": "PR_kwDOGzILZc4yIyxe",
                  "number": 8,
                  "state": "OPEN",
                  "title": "Test PR",
                },
              ],
            },
            "message": "Init",
          },
        },
        Object {
          "commit": Object {
            "abbreviatedOid": "f9bfb1e",
            "associatedPullRequests": Object {
              "nodes": Array [
                Object {
                  "baseRefName": "main",
                  "id": "PR_kwDOGzILZc4yIyxe",
                  "number": 8,
                  "state": "OPEN",
                  "title": "Test PR",
                },
              ],
            },
            "message": "Init",
          },
        },
      ],
    },
    "id": "PR_kwDOGzILZc4yIyxe",
    "title": "Test PR",
  },
}
`;

exports[`Ship description Transform 1`] = `
Array [
  Object {
    "assignees": Object {
      "nodes": Array [],
    },
    "author": Object {
      "login": "DiesIrae",
    },
    "baseRefName": "parent-pr-branch",
    "id": "PR_kwDOGzILZc4yIymT",
    "number": 6,
    "state": "MERGED",
    "title": "Sub PR 1",
    "url": "https://github.com/matchawine/sub-pull-requests-summary-action/pull/6",
  },
  Object {
    "assignees": Object {
      "nodes": Array [],
    },
    "author": Object {
      "login": "DiesIrae",
    },
    "baseRefName": "parent-pr-branch",
    "id": "PR_kwDOGzILZc4yIytK",
    "number": 7,
    "state": "MERGED",
    "title": "Sub PR 2",
    "url": "https://github.com/matchawine/sub-pull-requests-summary-action/pull/7",
  },
]
`;
